# serializer version: 1
# name: test_set_operation_mode[default]
  list([
    tuple(
    ),
    tuple(
    ),
  ])
# ---
